2026-09-02 11:55:49 [restartedMain] [] INFO  c.shopsphere.ShopSphereApplication - Starting ShopSphereApplication using Java 26.0.2.1 with PID 24556 (D:\SpringAndBootLearning\ShopSphere\target\classes started by nithiesh.s in D:\SpringAndBootLearning\ShopSphere)
2026-09-02 11:55:49 [restartedMain] [] DEBUG c.shopsphere.ShopSphereApplication - Running with Spring Boot v4.1.0, Spring v7.0.8
2026-09-02 11:55:49 [restartedMain] [] INFO  c.shopsphere.ShopSphereApplication - No active profile set, falling back to 1 default profile: "default"
2026-09-02 11:55:49 [restartedMain] [] INFO  o.s.b.d.e.DevToolsPropertyDefaultsPostProcessor - Devtools property defaults active! Set 'spring.devtools.add-properties' to 'false' to disable
2026-09-02 11:55:49 [restartedMain] [] INFO  o.s.b.d.e.DevToolsPropertyDefaultsPostProcessor - For additional web related logging consider setting the 'logging.level.web' property to 'DEBUG'
2026-09-02 11:55:50 [restartedMain] [] INFO  o.s.d.r.c.RepositoryConfigurationDelegate - Bootstrapping Spring Data JPA repositories in DEFAULT mode.
2026-09-02 11:55:50 [restartedMain] [] INFO  o.s.d.r.c.RepositoryConfigurationDelegate - Finished Spring Data repository scanning in 95 ms. Found 11 JPA repository interfaces.
2026-09-02 11:55:51 [restartedMain] [] INFO  o.s.boot.tomcat.TomcatWebServer - Tomcat initialized with port 8083 (http)
2026-09-02 11:55:51 [restartedMain] [] INFO  o.a.catalina.core.StandardService - Starting service [Tomcat]
2026-09-02 11:55:51 [restartedMain] [] INFO  o.a.catalina.core.StandardEngine - Starting Servlet engine: [Apache Tomcat/11.0.22]
2026-09-02 11:55:51 [restartedMain] [] INFO  o.s.b.w.c.s.WebApplicationContextInitializer - Root WebApplicationContext: initialization completed in 2041 ms
2026-09-02 11:55:51 [restartedMain] [] INFO  org.hibernate.orm.jpa - HHH008540: Processing PersistenceUnitInfo [name: default]
2026-09-02 11:55:51 [restartedMain] [] INFO  org.hibernate.orm.core - HHH000001: Hibernate ORM core version 7.4.1.Final
2026-09-02 11:55:52 [restartedMain] [] INFO  o.s.o.j.p.SpringPersistenceUnitInfo - No LoadTimeWeaver setup: ignoring JPA class transformer
2026-09-02 11:55:52 [restartedMain] [] INFO  com.zaxxer.hikari.HikariDataSource - HikariPool-1 - Starting...
2026-09-02 11:55:52 [restartedMain] [] INFO  com.zaxxer.hikari.pool.HikariPool - HikariPool-1 - Added connection com.mysql.cj.jdbc.ConnectionImpl@4a0da11c
2026-09-02 11:55:52 [restartedMain] [] INFO  com.zaxxer.hikari.HikariDataSource - HikariPool-1 - Start completed.
2026-09-02 11:55:52 [restartedMain] [] INFO  o.hibernate.orm.connections.pooling - HHH10001005: Database info:
	Database JDBC URL [jdbc:mysql://localhost:3306/shopsphere]
	Database driver: MySQL Connector/J
	Database dialect: MySQLDialect
	Database version: 8.0.45
	Default catalog/schema: shopsphere/undefined
	Autocommit mode: undefined/unknown
	Isolation level: REPEATABLE_READ [default REPEATABLE_READ]
	JDBC fetch size: none
	Pool: DataSourceConnectionProvider
	Minimum pool size: undefined/unknown
	Maximum pool size: undefined/unknown
2026-09-02 11:55:53 [restartedMain] [] INFO  org.hibernate.orm.core - HHH000489: No JTA platform available (set 'hibernate.transaction.jta.platform' to enable JTA platform integration)
2026-09-02 11:55:53 [restartedMain] [] INFO  o.s.o.j.LocalContainerEntityManagerFactoryBean - Initialized JPA EntityManagerFactory for persistence unit 'default'
2026-09-02 11:55:53 [restartedMain] [] INFO  o.s.d.j.r.q.QueryEnhancerFactories - Hibernate is in classpath; If applicable, HQL parser will be used.
2026-09-02 11:55:54 [restartedMain] [] DEBUG c.s.s.jwt.JwtAuthenticationFilter - Filter 'jwtAuthenticationFilter' configured for use
2026-09-02 11:55:54 [restartedMain] [] DEBUG c.s.logging.CorrelationIdFilter - Filter 'correlationIdFilter' configured for use
2026-09-02 11:55:54 [restartedMain] [] DEBUG c.s.logging.RequestLoggingFilter - Filter 'requestLoggingFilter' configured for use
2026-09-02 11:55:54 [restartedMain] [] INFO  o.s.s.c.a.a.c.InitializeAuthenticationProviderBeanManagerConfigurer$InitializeAuthenticationProviderManagerConfigurer - Global AuthenticationManager configured with AuthenticationProvider bean with name authenticationProvider
2026-09-02 11:55:54 [restartedMain] [] WARN  o.s.s.c.a.a.c.InitializeUserDetailsBeanManagerConfigurer$InitializeUserDetailsManagerConfigurer - Global AuthenticationManager configured with an AuthenticationProvider bean. UserDetailsService beans will not be used by Spring Security for automatically configuring username/password login. Consider removing the AuthenticationProvider bean. Alternatively, consider using the UserDetailsService in a manually instantiated DaoAuthenticationProvider. If the current configuration is intentional, to turn off this warning, increase the logging level of 'org.springframework.security.config.annotation.authentication.configuration.InitializeUserDetailsBeanManagerConfigurer' to ERROR
2026-09-02 11:55:54 [restartedMain] [] WARN  o.s.b.j.a.JpaBaseConfiguration$JpaWebConfiguration - spring.jpa.open-in-view is enabled by default. Therefore, database queries may be performed during view rendering. Explicitly configure spring.jpa.open-in-view to disable this warning
2026-09-02 11:55:55 [restartedMain] [] INFO  o.s.b.a.e.web.EndpointLinksResolver - Exposing 1 endpoint beneath base path '/actuator'
2026-09-02 11:55:55 [restartedMain] [] INFO  o.s.boot.tomcat.TomcatWebServer - Tomcat started on port 8083 (http) with context path '/'
2026-09-02 11:55:55 [restartedMain] [] INFO  c.shopsphere.ShopSphereApplication - Started ShopSphereApplication in 6.712 seconds (process running for 7.796)
2026-09-02 11:55:55 [restartedMain] [] TRACE org.hibernate.orm.jdbc.bind - binding parameter (1:VARCHAR) <- [admin@shopsphere.com]
2026-09-02 11:55:55 [restartedMain] [] TRACE org.hibernate.orm.jdbc.bind - binding parameter (2:INTEGER) <- [1]
2026-09-02 11:56:05 [restartedMain] [] INFO  c.shopsphere.ShopSphereApplication - Starting ShopSphereApplication using Java 26.0.2.1 with PID 15716 (D:\SpringAndBootLearning\ShopSphere\target\classes started by nithiesh.s in D:\SpringAndBootLearning\ShopSphere)
2026-09-02 11:56:05 [restartedMain] [] DEBUG c.shopsphere.ShopSphereApplication - Running with Spring Boot v4.1.0, Spring v7.0.8
2026-09-02 11:56:05 [restartedMain] [] INFO  c.shopsphere.ShopSphereApplication - No active profile set, falling back to 1 default profile: "default"
2026-09-02 11:56:05 [restartedMain] [] INFO  o.s.b.d.e.DevToolsPropertyDefaultsPostProcessor - Devtools property defaults active! Set 'spring.devtools.add-properties' to 'false' to disable
2026-09-02 11:56:05 [restartedMain] [] INFO  o.s.b.d.e.DevToolsPropertyDefaultsPostProcessor - For additional web related logging consider setting the 'logging.level.web' property to 'DEBUG'
2026-09-02 11:56:06 [restartedMain] [] INFO  o.s.d.r.c.RepositoryConfigurationDelegate - Bootstrapping Spring Data JPA repositories in DEFAULT mode.
2026-09-02 11:56:06 [restartedMain] [] INFO  o.s.d.r.c.RepositoryConfigurationDelegate - Finished Spring Data repository scanning in 93 ms. Found 11 JPA repository interfaces.
2026-09-02 11:56:07 [restartedMain] [] INFO  o.s.boot.tomcat.TomcatWebServer - Tomcat initialized with port 8000 (http)
2026-09-02 11:56:07 [restartedMain] [] INFO  o.a.catalina.core.StandardService - Starting service [Tomcat]
2026-09-02 11:56:07 [restartedMain] [] INFO  o.a.catalina.core.StandardEngine - Starting Servlet engine: [Apache Tomcat/11.0.22]
2026-09-02 11:56:07 [restartedMain] [] INFO  o.s.b.w.c.s.WebApplicationContextInitializer - Root WebApplicationContext: initialization completed in 1994 ms
2026-09-02 11:56:07 [restartedMain] [] INFO  org.hibernate.orm.jpa - HHH008540: Processing PersistenceUnitInfo [name: default]
2026-09-02 11:56:07 [restartedMain] [] INFO  org.hibernate.orm.core - HHH000001: Hibernate ORM core version 7.4.1.Final
2026-09-02 11:56:08 [restartedMain] [] INFO  o.s.o.j.p.SpringPersistenceUnitInfo - No LoadTimeWeaver setup: ignoring JPA class transformer
2026-09-02 11:56:08 [restartedMain] [] INFO  com.zaxxer.hikari.HikariDataSource - HikariPool-1 - Starting...
2026-09-02 11:56:08 [restartedMain] [] INFO  com.zaxxer.hikari.pool.HikariPool - HikariPool-1 - Added connection com.mysql.cj.jdbc.ConnectionImpl@142d2a29
2026-09-02 11:56:08 [restartedMain] [] INFO  com.zaxxer.hikari.HikariDataSource - HikariPool-1 - Start completed.
2026-09-02 11:56:08 [restartedMain] [] INFO  o.hibernate.orm.connections.pooling - HHH10001005: Database info:
	Database JDBC URL [jdbc:mysql://localhost:3306/shopsphere]
	Database driver: MySQL Connector/J
	Database dialect: MySQLDialect
	Database version: 8.0.45
	Default catalog/schema: shopsphere/undefined
	Autocommit mode: undefined/unknown
	Isolation level: REPEATABLE_READ [default REPEATABLE_READ]
	JDBC fetch size: none
	Pool: DataSourceConnectionProvider
	Minimum pool size: undefined/unknown
	Maximum pool size: undefined/unknown
2026-09-02 11:56:09 [restartedMain] [] INFO  org.hibernate.orm.core - HHH000489: No JTA platform available (set 'hibernate.transaction.jta.platform' to enable JTA platform integration)
2026-09-02 11:56:09 [restartedMain] [] INFO  o.s.o.j.LocalContainerEntityManagerFactoryBean - Initialized JPA EntityManagerFactory for persistence unit 'default'
2026-09-02 11:56:09 [restartedMain] [] INFO  o.s.d.j.r.q.QueryEnhancerFactories - Hibernate is in classpath; If applicable, HQL parser will be used.
2026-09-02 11:56:09 [restartedMain] [] DEBUG c.s.s.jwt.JwtAuthenticationFilter - Filter 'jwtAuthenticationFilter' configured for use
2026-09-02 11:56:09 [restartedMain] [] DEBUG c.s.logging.CorrelationIdFilter - Filter 'correlationIdFilter' configured for use
2026-09-02 11:56:09 [restartedMain] [] DEBUG c.s.logging.RequestLoggingFilter - Filter 'requestLoggingFilter' configured for use
2026-09-02 11:56:10 [restartedMain] [] INFO  o.s.s.c.a.a.c.InitializeAuthenticationProviderBeanManagerConfigurer$InitializeAuthenticationProviderManagerConfigurer - Global AuthenticationManager configured with AuthenticationProvider bean with name authenticationProvider
2026-09-02 11:56:10 [restartedMain] [] WARN  o.s.s.c.a.a.c.InitializeUserDetailsBeanManagerConfigurer$InitializeUserDetailsManagerConfigurer - Global AuthenticationManager configured with an AuthenticationProvider bean. UserDetailsService beans will not be used by Spring Security for automatically configuring username/password login. Consider removing the AuthenticationProvider bean. Alternatively, consider using the UserDetailsService in a manually instantiated DaoAuthenticationProvider. If the current configuration is intentional, to turn off this warning, increase the logging level of 'org.springframework.security.config.annotation.authentication.configuration.InitializeUserDetailsBeanManagerConfigurer' to ERROR
2026-09-02 11:56:10 [restartedMain] [] WARN  o.s.b.j.a.JpaBaseConfiguration$JpaWebConfiguration - spring.jpa.open-in-view is enabled by default. Therefore, database queries may be performed during view rendering. Explicitly configure spring.jpa.open-in-view to disable this warning
2026-09-02 11:56:11 [restartedMain] [] INFO  o.s.b.a.e.web.EndpointLinksResolver - Exposing 1 endpoint beneath base path '/actuator'
2026-09-02 11:56:11 [restartedMain] [] INFO  o.s.boot.tomcat.TomcatWebServer - Tomcat started on port 8000 (http) with context path '/'
2026-09-02 11:56:11 [restartedMain] [] INFO  c.shopsphere.ShopSphereApplication - Started ShopSphereApplication in 6.474 seconds (process running for 7.382)
2026-09-02 11:56:11 [restartedMain] [] TRACE org.hibernate.orm.jdbc.bind - binding parameter (1:VARCHAR) <- [admin@shopsphere.com]
2026-09-02 11:56:11 [restartedMain] [] TRACE org.hibernate.orm.jdbc.bind - binding parameter (2:INTEGER) <- [1]
2026-09-02 12:14:15 [restartedMain] [] INFO  c.shopsphere.ShopSphereApplication - Starting ShopSphereApplication using Java 26.0.2.1 with PID 30916 (D:\SpringAndBootLearning\ShopSphere\target\classes started by nithiesh.s in D:\SpringAndBootLearning\ShopSphere)
2026-09-02 12:14:15 [restartedMain] [] DEBUG c.shopsphere.ShopSphereApplication - Running with Spring Boot v4.1.0, Spring v7.0.8
2026-09-02 12:14:15 [restartedMain] [] INFO  c.shopsphere.ShopSphereApplication - No active profile set, falling back to 1 default profile: "default"
2026-09-02 12:14:15 [restartedMain] [] INFO  o.s.b.d.e.DevToolsPropertyDefaultsPostProcessor - Devtools property defaults active! Set 'spring.devtools.add-properties' to 'false' to disable
2026-09-02 12:14:15 [restartedMain] [] INFO  o.s.b.d.e.DevToolsPropertyDefaultsPostProcessor - For additional web related logging consider setting the 'logging.level.web' property to 'DEBUG'
2026-09-02 12:14:16 [restartedMain] [] INFO  o.s.d.r.c.RepositoryConfigurationDelegate - Bootstrapping Spring Data JPA repositories in DEFAULT mode.
2026-09-02 12:14:16 [restartedMain] [] INFO  o.s.d.r.c.RepositoryConfigurationDelegate - Finished Spring Data repository scanning in 77 ms. Found 11 JPA repository interfaces.
2026-09-02 12:14:17 [restartedMain] [] INFO  o.s.boot.tomcat.TomcatWebServer - Tomcat initialized with port 8083 (http)
2026-09-02 12:14:17 [restartedMain] [] INFO  o.a.catalina.core.StandardService - Starting service [Tomcat]
2026-09-02 12:14:17 [restartedMain] [] INFO  o.a.catalina.core.StandardEngine - Starting Servlet engine: [Apache Tomcat/11.0.22]
2026-09-02 12:14:17 [restartedMain] [] INFO  o.s.b.w.c.s.WebApplicationContextInitializer - Root WebApplicationContext: initialization completed in 2060 ms
2026-09-02 12:14:17 [restartedMain] [] INFO  org.hibernate.orm.jpa - HHH008540: Processing PersistenceUnitInfo [name: default]
2026-09-02 12:14:17 [restartedMain] [] INFO  org.hibernate.orm.core - HHH000001: Hibernate ORM core version 7.4.1.Final
2026-09-02 12:14:18 [restartedMain] [] INFO  o.s.o.j.p.SpringPersistenceUnitInfo - No LoadTimeWeaver setup: ignoring JPA class transformer
2026-09-02 12:14:18 [restartedMain] [] INFO  com.zaxxer.hikari.HikariDataSource - HikariPool-1 - Starting...
2026-09-02 12:14:18 [restartedMain] [] INFO  c.shopsphere.ShopSphereApplication - Starting ShopSphereApplication using Java 26.0.2.1 with PID 30212 (D:\SpringAndBootLearning\ShopSphere\target\classes started by nithiesh.s in D:\SpringAndBootLearning\ShopSphere)
2026-09-02 12:14:18 [restartedMain] [] DEBUG c.shopsphere.ShopSphereApplication - Running with Spring Boot v4.1.0, Spring v7.0.8
2026-09-02 12:14:18 [restartedMain] [] INFO  c.shopsphere.ShopSphereApplication - No active profile set, falling back to 1 default profile: "default"
2026-09-02 12:14:18 [restartedMain] [] INFO  o.s.b.d.e.DevToolsPropertyDefaultsPostProcessor - Devtools property defaults active! Set 'spring.devtools.add-properties' to 'false' to disable
2026-09-02 12:14:18 [restartedMain] [] INFO  o.s.b.d.e.DevToolsPropertyDefaultsPostProcessor - For additional web related logging consider setting the 'logging.level.web' property to 'DEBUG'
2026-09-02 12:14:18 [restartedMain] [] INFO  com.zaxxer.hikari.pool.HikariPool - HikariPool-1 - Added connection com.mysql.cj.jdbc.ConnectionImpl@7c0ff1c6
2026-09-02 12:14:18 [restartedMain] [] INFO  com.zaxxer.hikari.HikariDataSource - HikariPool-1 - Start completed.
2026-09-02 12:14:18 [restartedMain] [] INFO  o.hibernate.orm.connections.pooling - HHH10001005: Database info:
	Database JDBC URL [jdbc:mysql://localhost:3306/shopsphere]
	Database driver: MySQL Connector/J
	Database dialect: MySQLDialect
	Database version: 8.0.45
	Default catalog/schema: shopsphere/undefined
	Autocommit mode: undefined/unknown
	Isolation level: REPEATABLE_READ [default REPEATABLE_READ]
	JDBC fetch size: none
	Pool: DataSourceConnectionProvider
	Minimum pool size: undefined/unknown
	Maximum pool size: undefined/unknown
2026-09-02 12:14:19 [restartedMain] [] INFO  o.s.d.r.c.RepositoryConfigurationDelegate - Bootstrapping Spring Data JPA repositories in DEFAULT mode.
2026-09-02 12:14:19 [restartedMain] [] INFO  org.hibernate.orm.core - HHH000489: No JTA platform available (set 'hibernate.transaction.jta.platform' to enable JTA platform integration)
2026-09-02 12:14:19 [restartedMain] [] INFO  o.s.o.j.LocalContainerEntityManagerFactoryBean - Initialized JPA EntityManagerFactory for persistence unit 'default'
2026-09-02 12:14:19 [restartedMain] [] INFO  o.s.d.r.c.RepositoryConfigurationDelegate - Finished Spring Data repository scanning in 100 ms. Found 11 JPA repository interfaces.
2026-09-02 12:14:20 [restartedMain] [] INFO  o.s.d.j.r.q.QueryEnhancerFactories - Hibernate is in classpath; If applicable, HQL parser will be used.
2026-09-02 12:14:20 [restartedMain] [] DEBUG c.s.s.jwt.JwtAuthenticationFilter - Filter 'jwtAuthenticationFilter' configured for use
2026-09-02 12:14:20 [restartedMain] [] DEBUG c.s.logging.CorrelationIdFilter - Filter 'correlationIdFilter' configured for use
2026-09-02 12:14:20 [restartedMain] [] DEBUG c.s.logging.RequestLoggingFilter - Filter 'requestLoggingFilter' configured for use
2026-09-02 12:14:20 [restartedMain] [] INFO  o.s.boot.tomcat.TomcatWebServer - Tomcat initialized with port 8000 (http)
2026-09-02 12:14:20 [restartedMain] [] INFO  o.a.catalina.core.StandardService - Starting service [Tomcat]
2026-09-02 12:14:20 [restartedMain] [] INFO  o.a.catalina.core.StandardEngine - Starting Servlet engine: [Apache Tomcat/11.0.22]
2026-09-02 12:14:20 [restartedMain] [] INFO  o.s.b.w.c.s.WebApplicationContextInitializer - Root WebApplicationContext: initialization completed in 2436 ms
2026-09-02 12:14:20 [restartedMain] [] INFO  o.s.s.c.a.a.c.InitializeAuthenticationProviderBeanManagerConfigurer$InitializeAuthenticationProviderManagerConfigurer - Global AuthenticationManager configured with AuthenticationProvider bean with name authenticationProvider
2026-09-02 12:14:20 [restartedMain] [] WARN  o.s.s.c.a.a.c.InitializeUserDetailsBeanManagerConfigurer$InitializeUserDetailsManagerConfigurer - Global AuthenticationManager configured with an AuthenticationProvider bean. UserDetailsService beans will not be used by Spring Security for automatically configuring username/password login. Consider removing the AuthenticationProvider bean. Alternatively, consider using the UserDetailsService in a manually instantiated DaoAuthenticationProvider. If the current configuration is intentional, to turn off this warning, increase the logging level of 'org.springframework.security.config.annotation.authentication.configuration.InitializeUserDetailsBeanManagerConfigurer' to ERROR
2026-09-02 12:14:21 [restartedMain] [] INFO  org.hibernate.orm.jpa - HHH008540: Processing PersistenceUnitInfo [name: default]
2026-09-02 12:14:21 [restartedMain] [] INFO  org.hibernate.orm.core - HHH000001: Hibernate ORM core version 7.4.1.Final
2026-09-02 12:14:21 [restartedMain] [] WARN  o.s.b.j.a.JpaBaseConfiguration$JpaWebConfiguration - spring.jpa.open-in-view is enabled by default. Therefore, database queries may be performed during view rendering. Explicitly configure spring.jpa.open-in-view to disable this warning
2026-09-02 12:14:21 [restartedMain] [] INFO  o.s.o.j.p.SpringPersistenceUnitInfo - No LoadTimeWeaver setup: ignoring JPA class transformer
2026-09-02 12:14:21 [restartedMain] [] INFO  com.zaxxer.hikari.HikariDataSource - HikariPool-1 - Starting...
2026-09-02 12:14:21 [restartedMain] [] INFO  com.zaxxer.hikari.pool.HikariPool - HikariPool-1 - Added connection com.mysql.cj.jdbc.ConnectionImpl@54e6721e
2026-09-02 12:14:21 [restartedMain] [] INFO  com.zaxxer.hikari.HikariDataSource - HikariPool-1 - Start completed.
2026-09-02 12:14:22 [restartedMain] [] INFO  o.hibernate.orm.connections.pooling - HHH10001005: Database info:
	Database JDBC URL [jdbc:mysql://localhost:3306/shopsphere]
	Database driver: MySQL Connector/J
	Database dialect: MySQLDialect
	Database version: 8.0.45
	Default catalog/schema: shopsphere/undefined
	Autocommit mode: undefined/unknown
	Isolation level: REPEATABLE_READ [default REPEATABLE_READ]
	JDBC fetch size: none
	Pool: DataSourceConnectionProvider
	Minimum pool size: undefined/unknown
	Maximum pool size: undefined/unknown
2026-09-02 12:14:22 [restartedMain] [] INFO  o.s.b.a.e.web.EndpointLinksResolver - Exposing 1 endpoint beneath base path '/actuator'
2026-09-02 12:14:22 [restartedMain] [] WARN  o.s.b.w.s.s.c.AnnotationConfigServletWebServerApplicationContext - Exception encountered during context initialization - cancelling refresh attempt: org.springframework.context.ApplicationContextException: Failed to start bean 'webServerStartStop'
2026-09-02 12:14:22 [restartedMain] [] INFO  o.s.o.j.LocalContainerEntityManagerFactoryBean - Closing JPA EntityManagerFactory for persistence unit 'default'
2026-09-02 12:14:22 [restartedMain] [] INFO  com.zaxxer.hikari.HikariDataSource - HikariPool-1 - Shutdown initiated...
2026-09-02 12:14:22 [restartedMain] [] INFO  com.zaxxer.hikari.HikariDataSource - HikariPool-1 - Shutdown completed.
2026-09-02 12:14:22 [restartedMain] [] INFO  o.s.b.a.l.ConditionEvaluationReportLogger - 

Error starting ApplicationContext. To display the condition evaluation report re-run your application with 'debug' enabled.
2026-09-02 12:14:22 [restartedMain] [] ERROR o.s.b.d.LoggingFailureAnalysisReporter - 

***************************
APPLICATION FAILED TO START
***************************

Description:

Web server failed to start. Port 8083 was already in use.

Action:

Identify and stop the process that's listening on port 8083 or configure this application to listen on another port.

2026-09-02 12:14:23 [restartedMain] [] INFO  org.hibernate.orm.core - HHH000489: No JTA platform available (set 'hibernate.transaction.jta.platform' to enable JTA platform integration)
2026-09-02 12:14:23 [restartedMain] [] INFO  o.s.o.j.LocalContainerEntityManagerFactoryBean - Initialized JPA EntityManagerFactory for persistence unit 'default'
2026-09-02 12:14:23 [restartedMain] [] INFO  o.s.d.j.r.q.QueryEnhancerFactories - Hibernate is in classpath; If applicable, HQL parser will be used.
2026-09-02 12:14:23 [restartedMain] [] DEBUG c.s.s.jwt.JwtAuthenticationFilter - Filter 'jwtAuthenticationFilter' configured for use
2026-09-02 12:14:23 [restartedMain] [] DEBUG c.s.logging.CorrelationIdFilter - Filter 'correlationIdFilter' configured for use
2026-09-02 12:14:23 [restartedMain] [] DEBUG c.s.logging.RequestLoggingFilter - Filter 'requestLoggingFilter' configured for use
2026-09-02 12:14:24 [restartedMain] [] INFO  o.s.s.c.a.a.c.InitializeAuthenticationProviderBeanManagerConfigurer$InitializeAuthenticationProviderManagerConfigurer - Global AuthenticationManager configured with AuthenticationProvider bean with name authenticationProvider
2026-09-02 12:14:24 [restartedMain] [] WARN  o.s.s.c.a.a.c.InitializeUserDetailsBeanManagerConfigurer$InitializeUserDetailsManagerConfigurer - Global AuthenticationManager configured with an AuthenticationProvider bean. UserDetailsService beans will not be used by Spring Security for automatically configuring username/password login. Consider removing the AuthenticationProvider bean. Alternatively, consider using the UserDetailsService in a manually instantiated DaoAuthenticationProvider. If the current configuration is intentional, to turn off this warning, increase the logging level of 'org.springframework.security.config.annotation.authentication.configuration.InitializeUserDetailsBeanManagerConfigurer' to ERROR
2026-09-02 12:14:24 [restartedMain] [] WARN  o.s.b.j.a.JpaBaseConfiguration$JpaWebConfiguration - spring.jpa.open-in-view is enabled by default. Therefore, database queries may be performed during view rendering. Explicitly configure spring.jpa.open-in-view to disable this warning
2026-09-02 12:14:25 [restartedMain] [] INFO  o.s.b.a.e.web.EndpointLinksResolver - Exposing 1 endpoint beneath base path '/actuator'
2026-09-02 12:14:25 [restartedMain] [] WARN  o.s.b.w.s.s.c.AnnotationConfigServletWebServerApplicationContext - Exception encountered during context initialization - cancelling refresh attempt: org.springframework.context.ApplicationContextException: Failed to start bean 'webServerStartStop'
2026-09-02 12:14:25 [restartedMain] [] INFO  o.s.o.j.LocalContainerEntityManagerFactoryBean - Closing JPA EntityManagerFactory for persistence unit 'default'
2026-09-02 12:14:25 [restartedMain] [] INFO  com.zaxxer.hikari.HikariDataSource - HikariPool-1 - Shutdown initiated...
2026-09-02 12:14:25 [restartedMain] [] INFO  com.zaxxer.hikari.HikariDataSource - HikariPool-1 - Shutdown completed.
2026-09-02 12:14:25 [restartedMain] [] INFO  o.s.b.a.l.ConditionEvaluationReportLogger - 

Error starting ApplicationContext. To display the condition evaluation report re-run your application with 'debug' enabled.
2026-09-02 12:14:25 [restartedMain] [] ERROR o.s.b.d.LoggingFailureAnalysisReporter - 

***************************
APPLICATION FAILED TO START
***************************

Description:

Web server failed to start. Port 8000 was already in use.

Action:

Identify and stop the process that's listening on port 8000 or configure this application to listen on another port.

